// Vitest Snapshot v1, https://vitest.dev/guide/snapshot.html

exports[`FormLabel Component > should match snapshot 1`] = `
<DocumentFragment>
  <label
    class="inline-flex items-center text-sm font-semibold text-gray-700 hover:text-gray-900 dark:text-gray-400 dark:hover:text-gray-50"
    data-testid="form-label"
    role="label"
  >
    label
  </label>
</DocumentFragment>
`;
