// Vitest Snapshot v1, https://vitest.dev/guide/snapshot.html

exports[`Popover Component > should match snapshot 1`] = `<DocumentFragment />`;
