// Vitest Snapshot v1, https://vitest.dev/guide/snapshot.html

exports[`ScalarDemo Component > should match snapshot 1`] = `
<DocumentFragment>
  <div
    class="bg-yellow-200 rounded-md p-3"
  >
    Scalar Demo: test
  </div>
</DocumentFragment>
`;
