// Vitest Snapshot v1, https://vitest.dev/guide/snapshot.html

exports[`Button Component > should match snapshot 1`] = `
<DocumentFragment>
  <button
    class="inline-flex items-center justify-center gap-2 whitespace-nowrap rounded-md text-sm font-medium transition-colors focus-visible:outline-none focus-visible:ring-2 focus-visible:ring-offset-2 disabled:pointer-events-none [&_svg]:pointer-events-none [&_svg]:size-4 [&_svg]:shrink-0"
  />
</DocumentFragment>
`;
