// Vitest Snapshot v1, https://vitest.dev/guide/snapshot.html

exports[`TimePickerField > should match the snapshot 1`] = `
<div>
  <form
    id=":r0:"
    novalidate=""
  >
    <div
      class="flex flex-col gap-2"
    >
      <label
        class="inline-flex items-center text-sm font-medium leading-4 text-gray-900 dark:text-gray-50 mb-[3px]"
        for="test-id"
      >
        Test Label
        <span
          class="ml-1 text-gray-800 group-hover:text-gray-900 dark:text-gray-400 dark:group-hover:text-slate-50"
        >
          *
        </span>
      </label>
      <div
        class="flex flex-col space-y-2"
      >
        <div
          class="flex w-[275px] rounded-md text-sm focus-within:ring-ring focus-within:ring-1 focus-within:ring-offset-0 ring-gray-900 dark:ring-charcoal-300 dark:border-charcoal-700 dark:bg-charcoal-900 border border-gray-300 bg-white hover:border-gray-300 hover:bg-gray-100 dark:hover:bg-charcoal-800 dark:hover:border-charcoal-700 [&:hover_.input-field]:bg-transparent [&:hover_.button-ghost]:bg-transparent focus:[&_.input-field]:bg-transparent focus-within:hover:bg-transparent focus-within:hover:cursor-default"
        >
          <button
            aria-controls="radix-:r1:"
            aria-expanded="false"
            aria-haspopup="dialog"
            class="inline-flex items-center justify-center gap-2 whitespace-nowrap rounded-md text-sm font-medium transition-colors focus-visible:outline-none focus-visible:ring-2 focus-visible:ring-offset-2 disabled:pointer-events-none [&_svg]:pointer-events-none [&_svg]:size-4 [&_svg]:shrink-0 hover:bg-accent hover:text-accent-foreground w-[50px] rounded-l-md border-none px-2 focus:bg-none focus:text-selected-foreground button-ghost"
            data-state="closed"
            type="button"
          >
            <div
              class="size-4 hover:none text-gray-700 dark:text-gray-50"
              data-testid="mock-icon-Clock"
            >
              Mock Icon: 
              Clock
            </div>
          </button>
          <input
            class="flex h-9 rounded-md text-sm font-normal leading-5 text-gray-900 dark:text-gray-50 dark:border-charcoal-700 dark:bg-charcoal-900 border border-gray-300 bg-white px-3 py-2 font-sans placeholder:text-gray-500 dark:placeholder:text-gray-600 focus-visible:outline-none focus-visible:ring-gray-900 focus-visible:ring-offset-white dark:focus-visible:ring-charcoal-300 dark:focus-visible:ring-offset-charcoal-900 dark:focus:bg-charcoal-900 disabled:cursor-not-allowed disabled:border-gray-300 disabled:bg-white disabled:text-gray-700 disabled:dark:border-charcoal-800 disabled:dark:bg-charcoal-900 disabled:dark:text-gray-300 w-full rounded-l-none border-none text-right placeholder:text-right focus-visible:ring-0 focus-visible:ring-offset-0 focus:bg-white input-field"
            name="test-time"
            required=""
            value=""
          />
        </div>
      </div>
    </div>
  </form>
</div>
`;
