// Vitest Snapshot v1, https://vitest.dev/guide/snapshot.html

exports[`ToggleField Component > should match snapshot 1`] = `
<div>
  <form
    id=":r0:"
    novalidate=""
  >
    <div
      class="flex flex-col gap-1"
      data-testid="custom-class"
    >
      <div
        class="flex items-center"
      >
        <button
          aria-checked="true"
          aria-labelledby=":r1:-label"
          aria-required="false"
          class="focus-visible:ring-ring focus-visible:ring-offset-background peer inline-flex h-4 w-8 shrink-0 cursor-pointer items-center rounded-full border-2 border-transparent transition-colors focus-visible:outline-none focus-visible:ring-2 focus-visible:ring-offset-2 data-[state=checked]:bg-[#343839] data-[state=unchecked]:bg-[#D7D8D9] dark:data-[state=checked]:bg-[#3BBE5F] dark:data-[state=unchecked]:bg-[#404446]"
          data-state="checked"
          id=":r1:"
          role="switch"
          type="button"
          value="on"
        >
          <span
            class="peer pointer-events-none block size-3.5 rounded-full bg-[#FCFCFC] shadow-lg ring-0 transition-transform data-[state=checked]:translate-x-3.5 data-[state=unchecked]:translate-x-0"
            data-state="checked"
          />
        </button>
        <input
          aria-hidden="true"
          checked=""
          name="test"
          style="transform: translateX(-100%); position: absolute; pointer-events: none; opacity: 0; margin: 0px; width: 0px; height: 0px;"
          tabindex="-1"
          type="checkbox"
          value="on"
        />
      </div>
    </div>
  </form>
</div>
`;
