// Vitest Snapshot v1, https://vitest.dev/guide/snapshot.html

exports[`CharacterCounter > should match snapshot 1`] = `
<div>
  <div
    class="flex items-center text-[10px] leading-3"
  >
    <span
      class="text-gray-500"
    >
      5
    </span>
    <span
      class="text-gray-300 dark:text-gray-700"
    >
      /
      10
    </span>
  </div>
</div>
`;
