// Vitest Snapshot v1, https://vitest.dev/guide/snapshot.html

exports[`CurrencyCodeField > should match snapshot 1`] = `
<div>
  <form
    id=":r0:"
    novalidate=""
  >
    <div
      class="flex flex-col gap-2"
    >
      <label
        class="inline-flex items-center text-sm font-medium leading-4 text-gray-900 dark:text-gray-50 mb-[3px]"
        for=":r1:-select"
      >
        Currency
      </label>
      <button
        aria-controls="radix-:r2:"
        aria-expanded="false"
        aria-haspopup="dialog"
        aria-invalid="false"
        class="gap-2 whitespace-nowrap text-sm font-medium transition-colors focus-visible:outline-none disabled:pointer-events-none [&_svg]:pointer-events-none [&_svg]:size-4 [&_svg]:shrink-0 flex h-9 w-full items-center justify-between px-3 py-2 dark:border-charcoal-700 dark:bg-charcoal-900 rounded-md border border-gray-300 bg-white hover:border-gray-300 hover:bg-gray-100 dark:hover:border-charcoal-700 dark:hover:bg-charcoal-800 dark:focus:ring-charcoal-300 focus:outline-none focus:ring-1 focus:ring-gray-900 focus:ring-offset-0 dark:focus-visible:ring-charcoal-300 focus-visible:ring-1 focus-visible:ring-gray-900 focus-visible:ring-offset-0"
        data-state="closed"
        id=":r1:-select"
        name="currency"
        role="combobox"
        type="button"
      >
        <div
          class="flex w-full items-center justify-between gap-2"
        >
          <div
            class="max-w-full truncate text-gray-900 dark:text-gray-50 flex items-center gap-2"
          >
            <span
              class="truncate text-[14px] font-normal leading-5"
            />
          </div>
          <div
            class="flex items-center justify-between gap-2"
          >
            <div
              data-testid="icon-fallback"
              style="width: 16px; height: 16px;"
            />
          </div>
        </div>
      </button>
      <p
        class="font-sans text-sm font-normal leading-5 text-gray-600 dark:text-gray-500"
      >
        Select a currency
      </p>
    </div>
  </form>
</div>
`;
