// Vitest Snapshot v1, https://vitest.dev/guide/snapshot.html

exports[`RadioGroup Component > should match snapshot 1`] = `
<DocumentFragment>
  <div
    aria-required="false"
    class="flex flex-col gap-2.5"
    dir="ltr"
    id=":r0:-radio-group"
    role="radiogroup"
    style="outline: none;"
    tabindex="0"
  >
    <button
      aria-checked="false"
      aria-disabled="false"
      aria-invalid="false"
      class="aspect-square size-4 rounded-full border-2 border-blue-700 dark:border-blue-400 focus:outline-none focus:ring-2 focus:ring-blue-100 focus:ring-offset-0 dark:focus:ring-blue-900/30 hover:border-blue-900 dark:hover:border-blue-300 focus:hover:ring-blue-200 dark:focus:hover:ring-blue-900/40"
      data-radix-collection-item=""
      data-state="unchecked"
      id=":r1:-radio"
      role="radio"
      tabindex="-1"
      type="button"
      value="1"
    />
    <label
      class="inline-flex items-center text-sm font-medium leading-[22px] text-gray-900 group-hover:text-gray-900 dark:text-gray-400 dark:group-hover:text-slate-50"
      for=":r1:-radio"
      role="label"
    >
      Option 1
    </label>
    <button
      aria-checked="false"
      aria-disabled="false"
      aria-invalid="false"
      class="aspect-square size-4 rounded-full border-2 border-blue-700 dark:border-blue-400 focus:outline-none focus:ring-2 focus:ring-blue-100 focus:ring-offset-0 dark:focus:ring-blue-900/30 hover:border-blue-900 dark:hover:border-blue-300 focus:hover:ring-blue-200 dark:focus:hover:ring-blue-900/40"
      data-radix-collection-item=""
      data-state="unchecked"
      id=":r3:-radio"
      role="radio"
      tabindex="-1"
      type="button"
      value="2"
    />
    <label
      class="inline-flex items-center text-sm font-medium leading-[22px] text-gray-900 group-hover:text-gray-900 dark:text-gray-400 dark:group-hover:text-slate-50"
      for=":r3:-radio"
      role="label"
    >
      Option 2
    </label>
  </div>
</DocumentFragment>
`;
