// Vitest Snapshot v1, https://vitest.dev/guide/snapshot.html

exports[`Radio Component > should match snapshot 1`] = `
<DocumentFragment>
  <div
    aria-required="false"
    class="flex flex-col gap-2.5"
    dir="ltr"
    id=":r0:-radio-group"
    role="radiogroup"
    style="outline: none;"
    tabindex="0"
  >
    <button
      aria-checked="false"
      aria-disabled="false"
      aria-invalid="false"
      class="group aspect-square size-4 rounded-full border-2 border-gray-800 dark:border-gray-400 focus:outline-none focus:ring-2 focus:ring-gray-300/40 focus:ring-offset-0 dark:focus:ring-gray-500/40 hover:border-gray-900 dark:hover:border-gray-50 focus:hover:ring-gray-400/40 dark:focus:hover:ring-gray-400/40"
      data-radix-collection-item=""
      data-state="unchecked"
      id=":r1:-radio"
      role="radio"
      tabindex="-1"
      type="button"
      value="test"
    />
    <label
      class="inline-flex items-center text-sm font-medium leading-[22px] text-gray-900 group-hover:text-gray-900 dark:text-gray-400 dark:group-hover:text-slate-50"
      for=":r1:-radio"
      role="label"
    >
      Test Label
    </label>
  </div>
</DocumentFragment>
`;
