// Vitest Snapshot v1, https://vitest.dev/guide/snapshot.html

exports[`RadioGroupField Component > should match snapshot 1`] = `
<DocumentFragment>
  <form
    id=":r0:"
    novalidate=""
  >
    <div
      aria-invalid="false"
      aria-label="Radio group"
      class="flex flex-col gap-2"
      dir="ltr"
      id=":r1:-radio-group"
      role="radiogroup"
      style="outline-color: none; outline-style: none; outline-width: initial;"
      tabindex="0"
    >
      <div
        class="flex items-center gap-2"
        role="presentation"
      >
        <button
          aria-checked="false"
          aria-disabled="false"
          aria-invalid="false"
          class="group peer aspect-square size-4 rounded-full border border-gray-800 dark:border-gray-400 hover:border-gray-900 dark:hover:border-gray-50"
          data-radix-collection-item=""
          data-state="unchecked"
          id=":r1:-radio-0-1"
          role="radio"
          tabindex="-1"
          type="button"
          value="1"
        />
        <input
          aria-hidden="true"
          name="radio-group"
          style="transform: translateX(-100%); position: absolute; pointer-events: none; opacity: 0; margin: 0px; width: 0px; height: 0px;"
          tabindex="-1"
          type="radio"
          value="1"
        />
        <label
          class="inline-flex items-center text-sm font-medium leading-[22px] text-gray-900 dark:text-gray-400 group-hover:text-gray-900 dark:group-hover:text-slate-50 cursor-pointer peer-hover:text-gray-900 dark:peer-hover:text-gray-50"
          for=":r1:-radio-0-1"
        >
          Option 1
        </label>
      </div>
      <div
        class="flex items-center gap-2"
        role="presentation"
      >
        <button
          aria-checked="false"
          aria-disabled="false"
          aria-invalid="false"
          class="group peer aspect-square size-4 rounded-full border border-gray-800 dark:border-gray-400 hover:border-gray-900 dark:hover:border-gray-50"
          data-radix-collection-item=""
          data-state="unchecked"
          id=":r1:-radio-1-2"
          role="radio"
          tabindex="-1"
          type="button"
          value="2"
        />
        <input
          aria-hidden="true"
          name="radio-group"
          style="transform: translateX(-100%); position: absolute; pointer-events: none; opacity: 0; margin: 0px; width: 0px; height: 0px;"
          tabindex="-1"
          type="radio"
          value="2"
        />
        <label
          class="inline-flex items-center text-sm font-medium leading-[22px] text-gray-900 dark:text-gray-400 group-hover:text-gray-900 dark:group-hover:text-slate-50 cursor-pointer peer-hover:text-gray-900 dark:peer-hover:text-gray-50"
          for=":r1:-radio-1-2"
        >
          Option 2
        </label>
      </div>
    </div>
  </form>
</DocumentFragment>
`;
