// Vitest Snapshot v1, https://vitest.dev/guide/snapshot.html

exports[`StringField > should match snapshot when multiline is true (textarea) 1`] = `
<div>
  <form
    novalidate=""
  >
    <div
      class="flex flex-col gap-2"
    >
      <div
        class="relative"
      >
        <textarea
          aria-invalid="false"
          autocomplete="off"
          class="flex w-full rounded-md text-[14px] font-normal leading-5 dark:border-charcoal-700 dark:bg-charcoal-900 border border-gray-300 bg-white font-sans placeholder:text-gray-600 dark:placeholder:text-gray-500 px-3 py-[7.2px] focus-visible:outline-none focus-visible:ring-1 focus-visible:ring-gray-900 focus-visible:ring-offset-1 focus-visible:ring-offset-white dark:focus-visible:ring-charcoal-300 dark:focus-visible:ring-offset-charcoal-900 disabled:cursor-not-allowed disabled:border-gray-200 disabled:text-gray-500 resize-y scrollbar-thin scrollbar-track-transparent scrollbar-thumb-gray-300 dark:scrollbar-track-gray-900 dark:scrollbar-thumb-gray-600"
          id=":r1:-textarea"
          name="test"
          rows="3"
        />
      </div>
    </div>
  </form>
</div>
`;

exports[`StringField > should match snapshot with minimal props 1`] = `
<div>
  <form
    novalidate=""
  >
    <div
      class="flex flex-col gap-2"
    >
      <input
        class="flex h-9 w-full rounded-md text-sm text-gray-900 dark:text-gray-700 border border-gray-300 bg-white dark:border-charcoal-700 dark:bg-charcoal-900 px-3 py-2 font-sans placeholder:text-gray-600 dark:placeholder:text-gray-500 focus-visible:outline-none focus-visible:ring-1 focus-visible:ring-gray-900 focus-visible:ring-offset-1 focus-visible:ring-offset-white dark:focus-visible:ring-charcoal-300 dark:focus-visible:ring-offset-charcoal-900 disabled:cursor-not-allowed disabled:border-gray-200 disabled:text-gray-500"
        id=":r0:"
        name="test"
        value=""
      />
    </div>
  </form>
</div>
`;
