// Vitest Snapshot v1, https://vitest.dev/guide/snapshot.html

exports[`NumberField > should match snapshot 1`] = `
<div>
  <form
    id=":r0:"
    novalidate=""
  >
    <div
      class="flex flex-col gap-2"
    >
      <label
        class="inline-flex items-center text-sm font-medium leading-4 text-gray-900 dark:text-gray-50 mb-[3px]"
        for=":r1:"
      >
        Test Label
      </label>
      <div
        class="relative flex items-center"
      >
        <input
          aria-invalid="false"
          class="flex h-9 w-full rounded-md text-sm font-normal leading-5 text-gray-900 dark:text-gray-50 dark:border-charcoal-700 dark:bg-charcoal-900 border border-gray-300 bg-white px-3 py-2 font-sans placeholder:text-gray-500 dark:placeholder:text-gray-600 focus-visible:outline-none focus-visible:ring-1 focus-visible:ring-gray-900 focus-visible:ring-offset-0 focus-visible:ring-offset-white dark:focus-visible:ring-charcoal-300 dark:focus-visible:ring-offset-charcoal-900 dark:focus:bg-charcoal-900 focus:bg-gray-50 disabled:cursor-not-allowed disabled:border-gray-300 disabled:bg-gray-50 disabled:text-gray-700 disabled:dark:border-charcoal-800 disabled:dark:bg-charcoal-900 disabled:dark:text-gray-300 pr-8"
          data-cast="Number"
          id=":r1:"
          inputmode="numeric"
          name="Label"
          role="spinbutton"
          type="text"
          value="345"
        />
      </div>
    </div>
  </form>
</div>
`;
