// Vitest Snapshot v1, https://vitest.dev/guide/snapshot.html

exports[`FormGroup > matches snapshot 1`] = `
<DocumentFragment>
  <div
    class="flex flex-col gap-2"
  >
    <input
      placeholder="Enter text"
      type="text"
    />
    <label>
      Sample Label
    </label>
  </div>
</DocumentFragment>
`;
