// Vitest Snapshot v1, https://vitest.dev/guide/snapshot.html

exports[`Input > should match snapshot 1`] = `
<div>
  <input
    class="flex h-9 w-full rounded-md text-sm text-gray-900 dark:text-gray-700 border border-gray-300 bg-white dark:border-charcoal-700 dark:bg-charcoal-900 px-3 py-2 font-sans placeholder:text-gray-600 dark:placeholder:text-gray-500 focus-visible:outline-none focus-visible:ring-1 focus-visible:ring-gray-900 focus-visible:ring-offset-1 focus-visible:ring-offset-white dark:focus-visible:ring-charcoal-300 dark:focus-visible:ring-offset-charcoal-900 disabled:cursor-not-allowed disabled:border-gray-200 disabled:text-gray-500"
    placeholder="Test placeholder"
  />
</div>
`;
