// Vitest Snapshot v1, https://vitest.dev/guide/snapshot.html

exports[`OIDField Component > should match snapshot 1`] = `
<DocumentFragment>
  <form
    id=":r0:"
    novalidate=""
  >
    <div
      class="flex flex-col gap-2"
    >
      <label
        class="inline-flex items-center text-sm font-medium leading-4 text-gray-900 dark:text-gray-50 mb-[3px]"
        for=":r1:-oid"
      >
        OID Field
      </label>
      <div
        class="flex size-full flex-col rounded-md [&_[cmdk-label]]:hidden dark:bg-charcoal-900 bg-gray-100"
        cmdk-root=""
        tabindex="-1"
      >
        <label
          cmdk-label=""
          for="radix-:r6:"
          id="radix-:r5:"
          style="position: absolute; width: 1px; height: 1px; padding: 0px; margin: -1px; overflow: hidden; clip: rect(0, 0, 0, 0); white-space: nowrap; border-width: 0px;"
        />
        <div
          class="group relative"
        >
          <input
            aria-autocomplete="list"
            aria-controls="radix-:r4:"
            aria-expanded="false"
            aria-invalid="false"
            aria-labelledby="radix-:r5:"
            autocomplete="off"
            autocorrect="off"
            class="flex h-9 w-full rounded-md text-sm font-normal leading-5 text-gray-900 dark:text-gray-50 dark:border-charcoal-700 dark:bg-charcoal-900 border border-gray-300 bg-white px-3 py-2 font-sans placeholder:text-gray-500 dark:placeholder:text-gray-600 focus-visible:outline-none focus-visible:ring-1 focus-visible:ring-gray-900 focus-visible:ring-offset-0 focus-visible:ring-offset-white dark:focus-visible:ring-charcoal-300 dark:focus-visible:ring-offset-charcoal-900 dark:focus:bg-charcoal-900 focus:bg-gray-50 disabled:cursor-not-allowed disabled:border-gray-300 disabled:bg-gray-50 disabled:text-gray-700 disabled:dark:border-charcoal-800 disabled:dark:bg-charcoal-900 disabled:dark:text-gray-300 pr-9"
            cmdk-input=""
            id=":r1:-oid"
            name="oid"
            placeholder="uuid"
            role="combobox"
            spellcheck="false"
            type="text"
            value=""
          />
          <div
            class="absolute right-3 top-1/2 flex size-4 -translate-y-1/2 items-center pointer-events-none"
          />
        </div>
      </div>
    </div>
  </form>
</DocumentFragment>
`;
