// Vitest Snapshot v1, https://vitest.dev/guide/snapshot.html

exports[`Radio Component > should match snapshot 1`] = `
<DocumentFragment>
  <div
    aria-invalid="false"
    class="flex flex-col gap-4"
    dir="ltr"
    id=":r0:-radio-group"
    role="radiogroup"
    style="outline: none;"
    tabindex="0"
  >
    <div
      class="flex items-center space-x-2.5"
      role="presentation"
    >
      <button
        aria-checked="false"
        class="aspect-square size-4 rounded-full border-2 border-blue-700 focus:outline-none focus:ring-2 focus:ring-blue-100 focus:ring-offset-0 hover:border-blue-900 focus:hover:ring-blue-200"
        data-radix-collection-item=""
        data-state="unchecked"
        id=":r1:-radio"
        role="radio"
        tabindex="-1"
        type="button"
        value="test"
      />
      <label
        class="inline-flex items-center text-sm font-semibold text-gray-700 hover:text-gray-900 dark:text-gray-400 dark:hover:text-gray-50"
        for=":r1:-radio"
        role="label"
      >
        Test Label
      </label>
    </div>
  </div>
</DocumentFragment>
`;
