// Vitest Snapshot v1, https://vitest.dev/guide/snapshot.html

exports[`Command Component > should match snapshot 1`] = `
<DocumentFragment>
  <div
    class="flex size-full flex-col rounded-md [&_[cmdk-label]]:hidden"
    cmdk-root=""
    tabindex="-1"
  >
    <label
      cmdk-label=""
      for="radix-:r2:"
      id="radix-:r1:"
      style="position: absolute; width: 1px; height: 1px; padding: 0px; margin: -1px; overflow: hidden; clip: rect(0px, 0px, 0px, 0px); white-space: nowrap; border-width: 0px;"
    />
  </div>
</DocumentFragment>
`;
