// Vitest Snapshot v1, https://vitest.dev/guide/snapshot.html

exports[`StringField > should match snapshot 1`] = `
<div>
  <div
    class="flex flex-col gap-2"
  >
    <label
      class="inline-flex items-center text-sm font-medium leading-[22px] text-gray-900 group-hover:text-gray-900 dark:text-gray-400 dark:group-hover:text-slate-50"
      role="label"
    >
      Test Label
    </label>
    <input
      class="flex h-10 w-full rounded-md text-sm border border-input bg-background px-3 py-2 file:border-0 file:bg-transparent file:text-sm file:font-medium file:text-foreground placeholder:text-muted-foreground ring-offset-background focus-visible:outline-none focus-visible:ring-2 focus-visible:ring-ring focus-visible:ring-offset-2 disabled:cursor-not-allowed disabled:opacity-50"
      value=""
    />
  </div>
</div>
`;
