// Vitest Snapshot v1, https://vitest.dev/guide/snapshot.html

exports[`Sidebar Component > should match snapshot 1`] = `
<DocumentFragment>
  <aside
    class="group peer relative flex h-svh max-h-screen flex-col bg-gray-50 shadow-lg transition-[width] duration-75 ease-linear dark:bg-slate-600"
    style="width: min(100%, var(--sidebar-width));"
  >
    <header
      class="flex items-center justify-between gap-2 border-b border-gray-300 bg-gray-50 p-4 dark:border-gray-800 dark:bg-slate-600"
    >
      <div
        class="flex items-center gap-2 truncate"
      >
        <div
          data-testid="icon-fallback"
          style="width: 16px; height: 16px;"
        />
        <div
          class="truncate text-sm font-semibold text-gray-700 dark:text-gray-300"
        >
          Test Sidebar
        </div>
      </div>
      <div
        class="flex select-none items-center gap-2"
      >
        <div
          class="w-[26px] rounded-lg bg-slate-50 p-1 text-center text-xs text-slate-100 dark:bg-gray-900 dark:text-slate-200 hover:bg-slate-100 hover:text-slate-200 dark:hover:bg-gray-600 dark:hover:text-slate-50"
          role="button"
          tabindex="2"
        >
          1
        </div>
        <div
          class="w-[26px] rounded-lg bg-slate-50 p-1 text-center text-xs text-slate-100 dark:bg-gray-900 dark:text-slate-200 hover:bg-slate-100 hover:text-slate-200 dark:hover:bg-gray-600 dark:hover:text-slate-50"
          role="button"
          tabindex="2"
        >
          2
        </div>
      </div>
    </header>
    <div
      class="flex flex-1 flex-col gap-1 overflow-y-auto"
    >
      <div
        class="flex-1 overflow-hidden"
      >
        <div
          style="overflow: visible; height: 0px; width: 0px;"
        >
          <div
            aria-label="grid"
            aria-readonly="true"
            class="ReactVirtualized__Grid ReactVirtualized__List p-2"
            role="grid"
            style="box-sizing: border-box; direction: ltr; height: 0px; position: relative; width: 0px; will-change: transform; overflow-x: hidden; overflow-y: auto;"
            tabindex="0"
          />
        </div>
        <div
          class="resize-triggers"
        >
          <div
            class="expand-trigger"
          >
            <div
              style="width: 1px; height: 1px;"
            />
          </div>
          <div
            class="contract-trigger"
          />
        </div>
      </div>
    </div>
    <div
      class="flex w-full gap-2 border-t border-gray-300 p-2 dark:border-gray-800"
    >
      <div
        class="relative flex-1"
      >
        <input
          class="flex h-9 rounded-md text-sm font-normal leading-5 text-gray-900 dark:text-gray-50 dark:border-charcoal-700 dark:bg-charcoal-900 border border-gray-300 bg-white px-3 py-2 font-sans placeholder:text-gray-500 dark:placeholder:text-gray-600 focus-visible:outline-none focus-visible:ring-1 focus-visible:ring-gray-900 focus-visible:ring-offset-0 focus-visible:ring-offset-white dark:focus-visible:ring-charcoal-300 dark:focus-visible:ring-offset-charcoal-900 dark:focus:bg-charcoal-900 focus:bg-gray-50 disabled:cursor-not-allowed disabled:border-gray-300 disabled:bg-white disabled:text-gray-700 disabled:dark:border-charcoal-800 disabled:dark:bg-charcoal-900 disabled:dark:text-gray-300 w-full appearance-none !pl-8 [&::-webkit-search-cancel-button]:hidden"
          placeholder="Search"
          style="padding-right: 16px;"
          tabindex="1"
          type="search"
          value=""
        />
        <svg
          class="absolute left-2 top-1/2 -translate-y-1/2 text-gray-700 dark:text-gray-50"
          fill="currentcolor"
          height="16"
          viewBox="0 0 24 24"
          width="16"
        >
          <path
            d="M10.0137 1.95312C5.59537 1.95312 2.01367 5.53513 2.01367 9.95314C2.01367 14.3712 5.59537 17.9532 10.0137 17.9532C11.8504 17.9532 13.5913 17.3222 14.9416 16.2822L19.2949 20.6722C19.6855 21.0622 20.3419 21.0622 20.7325 20.6722C21.123 20.2812 21.123 19.6252 20.7325 19.2342L16.349 14.8741C17.3898 13.5241 18.0137 11.7901 18.0137 9.95314C18.0137 5.53513 14.432 1.95312 10.0137 1.95312ZM10.0137 3.95313C13.3274 3.95313 16.0137 6.63914 16.0137 9.95314C16.0137 13.2672 13.3274 15.9532 10.0137 15.9532C6.69997 15.9532 4.01367 13.2672 4.01367 9.95314C4.01367 6.63914 6.69997 3.95313 10.0137 3.95313Z"
          />
        </svg>
      </div>
    </div>
    <div
      class="group/sidebar-resizer absolute right-0 top-0 h-full w-[10px] translate-x-1/2 cursor-ew-resize select-none"
    >
      <div
        class="relative h-full w-px translate-x-[5px] transition-colors group-hover/sidebar-resizer:bg-gray-500 dark:group-hover/sidebar-resizer:bg-gray-600"
      >
        <button
          class="absolute right-0 top-14 size-4 translate-x-1/2 rounded-full bg-gray-500 dark:bg-gray-900 opacity-0 transition-opacity group-hover/sidebar-resizer:opacity-100"
          type="button"
        >
          <div
            data-testid="icon-fallback"
            style="width: 16px; height: 16px;"
          />
        </button>
      </div>
    </div>
  </aside>
</DocumentFragment>
`;
