// Vitest Snapshot v1, https://vitest.dev/guide/snapshot.html

exports[`TextareaField Component > should match snapshot with props 1`] = `
<DocumentFragment>
  <form
    id=":r0:"
    novalidate=""
  >
    <div
      class="flex flex-col gap-2"
    >
      <label
        class="inline-flex items-center text-sm font-medium leading-4 text-gray-900 dark:text-gray-50 mb-[3px]"
        for=":r1:-textarea"
      >
        Default Label
        <span
          class="ml-1 text-gray-800 group-hover:text-gray-900 dark:text-gray-400 dark:group-hover:text-slate-50"
        >
          *
        </span>
      </label>
      <div
        class="relative"
      >
        <textarea
          aria-invalid="false"
          aria-required="true"
          class="flex min-h-9 w-full rounded-md text-sm font-normal leading-5 text-gray-900 dark:text-gray-50 dark:border-charcoal-700 dark:bg-charcoal-900 border border-gray-300 bg-white px-3 py-[7px] font-sans placeholder:text-gray-500 dark:placeholder:text-gray-600 focus-visible:outline-none focus-visible:ring-1 focus-visible:ring-gray-900 focus-visible:ring-offset-0 focus-visible:ring-offset-white dark:focus-visible:ring-charcoal-300 dark:focus-visible:ring-offset-charcoal-900 dark:focus:bg-charcoal-900 focus:bg-gray-50 disabled:cursor-not-allowed disabled:border-gray-300 disabled:bg-gray-50 disabled:text-gray-700 disabled:dark:border-charcoal-800 disabled:dark:bg-charcoal-900 disabled:dark:text-gray-300 resize-y scrollbar-thin scrollbar-gutter-stable scrollbar-track-transparent scrollbar-thumb-gray-300 hover:scrollbar-thumb-gray-300 dark:scrollbar-thumb-charcoal-700 dark:hover:scrollbar-thumb-charcoal-700 scrollbar-thumb-rounded-md"
          id=":r1:-textarea"
          name="textarea"
          rows="3"
        />
        <div
          class="mt-0.5 flex justify-end -mb-1"
        >
          <div
            class="flex items-center text-[10px] leading-3"
          >
            <span
              class="text-gray-500"
            >
              0
            </span>
            <span
              class="text-gray-300 dark:text-gray-700"
            >
              /100
            </span>
          </div>
        </div>
      </div>
      <p
        class="font-sans text-sm font-normal leading-5 text-gray-600 dark:text-gray-500"
      >
        Default description
      </p>
      <p
        class="mb-0 inline-flex items-center text-xs font-medium text-yellow-900 dark:text-yellow-900"
        data-type="warning"
      >
        Warning
      </p>
    </div>
  </form>
</DocumentFragment>
`;
