// Vitest Snapshot v1, https://vitest.dev/guide/snapshot.html

exports[`UpgradeDriveModal Component > should match snapshot 1`] = `
<div
  aria-describedby="radix-:r2:"
  aria-labelledby="radix-:r1:"
  class="bg-white data-[state=closed]:animate-zoom-out data-[state=open]:animate-zoom-in rounded-3xl"
  data-state="open"
  data-testid="upgrade-drive-modal"
  id="radix-:r0:"
  role="dialog"
  style="pointer-events: auto;"
  tabindex="-1"
>
  <span
    style="position: absolute; border: 0px; width: 1px; height: 1px; padding: 0px; margin: -1px; overflow: hidden; clip: rect(0px, 0px, 0px, 0px); white-space: nowrap; word-wrap: normal;"
  >
    <h2
      id="radix-:r1:"
    >
      Modal
    </h2>
    <p
      id="radix-:r2:"
    >
      Modal
    </p>
  </span>
  <div
    class="w-[400px] p-6 text-slate-300"
  >
    <div
      class="border-b border-slate-50 pb-2 text-2xl font-bold text-gray-800"
    >
      Upgrade to cloud drive
    </div>
    <div
      class="my-6 rounded-md bg-slate-50 p-4 text-center text-slate-200"
    >
      You are moving files from a private to a shared drive. These files will become accessible to others in the shared drive.Do you want to proceed?
    </div>
    <div
      class="mt-8 flex justify-between gap-3"
    >
      <button
        class="min-h-[48px] min-w-[142px] text-base font-semibold py-3 px-6 rounded-xl outline-none active:opacity-75 hover:scale-105 transform transition-all flex-1 bg-slate-50 text-slate-800"
      >
        Cancel
      </button>
      <button
        class="min-h-[48px] min-w-[142px] text-base font-semibold py-3 px-6 rounded-xl outline-none active:opacity-75 hover:scale-105 transform transition-all flex-1 bg-gray-800 text-gray-50"
      >
        Continue
      </button>
    </div>
  </div>
</div>
`;
