// Vitest Snapshot v1, https://vitest.dev/guide/snapshot.html

exports[`IntField Component > should match snapshot 1`] = `
<div>
  <div
    class="flex flex-col gap-2"
  >
    <label
      class="inline-flex items-center text-sm font-medium leading-[22px] text-gray-900 group-hover:text-gray-900 dark:text-gray-400 dark:group-hover:text-slate-50"
      for=":r0:"
      role="label"
    >
      Test Label
    </label>
    <input
      aria-invalid="false"
      class="flex h-10 w-full rounded-md text-sm border border-gray-300 py-2 placeholder:text-gray-600 ring-offset-background focus-visible:outline-none focus-visible:ring-1 focus-visible:ring-gray-900 focus-visible:ring-offset-1 disabled:cursor-not-allowed disabled:text-gray-500 px-4 text-end text-gray-900 focus:text-gray-300 placeholder:focus:ml-0.5 placeholder:focus:text-gray-300 disabled:border-gray-300 bg-[#FFFFFF]"
      id=":r0:"
      inputmode="numeric"
      pattern="[0-9]*"
      role="spinbutton"
      type="text"
      value=""
    />
  </div>
</div>
`;
