// Vitest Snapshot v1, https://vitest.dev/guide/snapshot.html

exports[`Modal Component > should match snapshot 1`] = `
<div
  aria-describedby="radix-:r2:"
  aria-labelledby="radix-:r1:"
  class="bg-white data-[state=closed]:animate-zoom-out data-[state=open]:animate-zoom-in"
  data-state="open"
  data-testid="modal"
  id="radix-:r0:"
  role="dialog"
  style="pointer-events: auto;"
  tabindex="-1"
>
  <span
    style="position: absolute; border: 0px; width: 1px; height: 1px; padding: 0px; margin: -1px; overflow: hidden; clip: rect(0px, 0px, 0px, 0px); white-space: nowrap; word-wrap: normal;"
  >
    <h2
      id="radix-:r1:"
    >
      Modal
    </h2>
    <p
      id="radix-:r2:"
    >
      Modal
    </p>
  </span>
  <div>
    Modal Content
  </div>
</div>
`;
